******************************************************************************
                  TI ARM Linker PC v20.2.5                     
******************************************************************************
>> Linked Sat May 15 16:29:25 2021

OUTPUT FILE NAME:   <project_zero_CC26X2R1_LAUNCHXL_tirtos_ccs.out>
ENTRY POINT SYMBOL: "ResetISR"  address: 00017715


MEMORY CONFIGURATION

         name            origin    length      used     unused   attr    fill
----------------------  --------  ---------  --------  --------  ----  --------
  FLASH_IMG_HDR         00000000   00000090  0000008d  00000003  R  X
  ENTRY                 00000090   00000040  0000003c  00000004  R  X
  FLASH                 000000d0   000560d0  000240e4  00031fec  R  X
  RTOS_SRAM             20000000   0000012c  000000e4  00000048  RW X
  SRAM                  20000fdf   00013021  0000393e  0000f6e3  RW X


SEGMENT ALLOCATION MAP

run origin  load origin   length   init length attrs members
----------  ----------- ---------- ----------- ----- -------
00000000    00000000    000201b8   000201b8    r-x
  00000000    00000000    0000008d   0000008d    r-- .image_header
  00000090    00000090    0000003c   0000003c    r-- .resetVecs
  000000d0    000000d0    0001d544   0001d544    r-x .text
  0001d614    0001d614    0000236c   0000236c    r-- .const
  0001f980    0001f980    00000144   00000144    r-- .rodata
  0001fac8    0001fac8    000006f0   000006f0    r-- .cinit
00048000    00048000    00004000   00000000    rw-
  00048000    00048000    00004000   00000000    rw- .TI.bound:flashBuf0
20000100    20000100    0000000c   00000000    rw-
  20000100    20000100    00000004   00000000    rw- .data:xdcRomConstPtr
  20000104    20000104    00000004   00000000    rw- .data:xdcRomExternFuncPtr
  20000108    20000108    00000004   00000000    rw- .data:xdcRomStatePtr
20001830    20001830    00000010   00000000    rw-
  20001830    20001830    00000010   00000000    rw- .TI.bound:dmaSpi0RxControlTableEntry
20001840    20001840    00000010   00000000    rw-
  20001840    20001840    00000010   00000000    rw- .TI.bound:dmaSpi0TxControlTableEntry
20001900    20001900    00000010   00000000    rw-
  20001900    20001900    00000010   00000000    rw- .TI.bound:dmaSpi1RxControlTableEntry
20001910    20001910    00000010   00000000    rw-
  20001910    20001910    00000010   00000000    rw- .TI.bound:dmaSpi1TxControlTableEntry
20001a30    20001a30    00000010   00000000    rw-
  20001a30    20001a30    00000010   00000000    rw- .TI.bound:dmaSpi0RxAltControlTableEntry
20001a40    20001a40    00000010   00000000    rw-
  20001a40    20001a40    00000010   00000000    rw- .TI.bound:dmaSpi0TxAltControlTableEntry
20001b00    20001b00    00000010   00000000    rw-
  20001b00    20001b00    00000010   00000000    rw- .TI.bound:dmaSpi1RxAltControlTableEntry
20001b10    20001b10    000034ce   00000000    rw-
  20001b10    20001b10    00000010   00000000    rw- .TI.bound:dmaSpi1TxAltControlTableEntry
  20001b20    20001b20    00001d93   00000000    rw- .data
  200038b8    200038b8    00001726   00000000    rw- .bss
20013c00    20013c00    00000400   00000000    rw-
  20013c00    20013c00    00000400   00000000    rw- .stack


SECTION ALLOCATION MAP

 output                                  attributes/
section   page    origin      length       input sections
--------  ----  ----------  ----------   ----------------
.data:xdcRomConstPtr 
*          0    20000100    00000004     UNINITIALIZED
                  20000100    00000004     project_zero_app_pem4f.oem4f (.data:xdcRomConstPtr)

.data:xdcRomExternFuncPtr 
*          0    20000104    00000004     UNINITIALIZED
                  20000104    00000004     project_zero_app_pem4f.oem4f (.data:xdcRomExternFuncPtr)

.data:xdcRomStatePtr 
*          0    20000108    00000004     UNINITIALIZED
                  20000108    00000004     project_zero_app_pem4f.oem4f (.data:xdcRomStatePtr)

.bootVecs 
*          0    00000000    00000008     DSECT
                  00000000    00000008     boot.aem4f : boot.oem4f (.bootVecs)

.resetVecs 
*          0    00000090    0000003c     
                  00000090    0000003c     project_zero_app_pem4f.oem4f (.resetVecs)

.vecs      0    20000000    000000d8     NOLOAD SECTION
                  20000000    000000d8     project_zero_app_pem4f.oem4f (.vecs)

xdc.meta   0    00000000    00000114     COPY SECTION
                  00000000    00000114     project_zero_app_pem4f.oem4f (xdc.meta)

xdc.noload 
*          0    00000000    00000000     COPY SECTION

.image_header 
*          0    00000000    0000008d     
                  00000000    0000008d     oad_image_header_app.obj (.image_header:retain)

.resetVecs 
*          0    00000090    00000000     UNINITIALIZED

.intvecs   0    00000090    00000000     UNINITIALIZED

EntrySection 
*          0    00000090    00000000     UNINITIALIZED

.cinit     0    0001fac8    000006f0     
                  0001fac8    00000616     (.cinit..data.load) [load image, compression = lzss]
                  000200de    00000002     --HOLE-- [fill = 0]
                  000200e0    0000000c     (__TI_handler_table)
                  000200ec    00000004     --HOLE-- [fill = 0]
                  000200f0    00000008     (.cinit..TI.bound:dmaSpi0RxAltControlTableEntry.load) [load image, compression = zero_init]
                  000200f8    00000008     (.cinit..TI.bound:dmaSpi0RxControlTableEntry.load) [load image, compression = zero_init]
                  00020100    00000008     (.cinit..TI.bound:dmaSpi0TxAltControlTableEntry.load) [load image, compression = zero_init]
                  00020108    00000008     (.cinit..TI.bound:dmaSpi0TxControlTableEntry.load) [load image, compression = zero_init]
                  00020110    00000008     (.cinit..TI.bound:dmaSpi1RxAltControlTableEntry.load) [load image, compression = zero_init]
                  00020118    00000008     (.cinit..TI.bound:dmaSpi1RxControlTableEntry.load) [load image, compression = zero_init]
                  00020120    00000008     (.cinit..TI.bound:dmaSpi1TxAltControlTableEntry.load) [load image, compression = zero_init]
                  00020128    00000008     (.cinit..TI.bound:dmaSpi1TxControlTableEntry.load) [load image, compression = zero_init]
                  00020130    00000008     (.cinit..bss.load) [load image, compression = zero_init]
                  00020138    00000008     (.cinit..data:xdcRomConstPtr.load) [load image, compression = lzss]
                  00020140    00000008     (.cinit..data:xdcRomExternFuncPtr.load) [load image, compression = lzss]
                  00020148    00000008     (.cinit..data:xdcRomStatePtr.load) [load image, compression = lzss]
                  00020150    00000068     (__TI_cinit_table)

.TI.bound:flashBuf0 
*          0    00048000    00004000     UNINITIALIZED
                  00048000    00004000     ti_drivers_config.obj (.TI.bound:flashBuf0)

.TI.bound:dmaSpi0RxControlTableEntry 
*          0    20001830    00000010     UNINITIALIZED
                  20001830    00000010     drivers_cc26x2.a : SPICC26X2DMA.oem4f (.TI.bound:dmaSpi0RxControlTableEntry)

.TI.bound:dmaSpi0TxControlTableEntry 
*          0    20001840    00000010     UNINITIALIZED
                  20001840    00000010     drivers_cc26x2.a : SPICC26X2DMA.oem4f (.TI.bound:dmaSpi0TxControlTableEntry)

.TI.bound:dmaSpi1RxControlTableEntry 
*          0    20001900    00000010     UNINITIALIZED
                  20001900    00000010     drivers_cc26x2.a : SPICC26X2DMA.oem4f (.TI.bound:dmaSpi1RxControlTableEntry)

.TI.bound:dmaSpi1TxControlTableEntry 
*          0    20001910    00000010     UNINITIALIZED
                  20001910    00000010     drivers_cc26x2.a : SPICC26X2DMA.oem4f (.TI.bound:dmaSpi1TxControlTableEntry)

.TI.bound:dmaSpi0RxAltControlTableEntry 
*          0    20001a30    00000010     UNINITIALIZED
                  20001a30    00000010     drivers_cc26x2.a : SPICC26X2DMA.oem4f (.TI.bound:dmaSpi0RxAltControlTableEntry)

.TI.bound:dmaSpi0TxAltControlTableEntry 
*          0    20001a40    00000010     UNINITIALIZED
                  20001a40    00000010     drivers_cc26x2.a : SPICC26X2DMA.oem4f (.TI.bound:dmaSpi0TxAltControlTableEntry)

.TI.bound:dmaSpi1RxAltControlTableEntry 
*          0    20001b00    00000010     UNINITIALIZED
                  20001b00    00000010     drivers_cc26x2.a : SPICC26X2DMA.oem4f (.TI.bound:dmaSpi1RxAltControlTableEntry)

.TI.bound:dmaSpi1TxAltControlTableEntry 
*          0    20001b10    00000010     UNINITIALIZED
                  20001b10    00000010     drivers_cc26x2.a : SPICC26X2DMA.oem4f (.TI.bound:dmaSpi1TxAltControlTableEntry)

.data      0    20001b20    00001d93     UNINITIALIZED
                  20001b20    000005b8     UartLog.obj (.data:$O16$$)
                  200020d8    00000508     rf_multiMode_cc26x2.aem4f : RFCC26X2_multiMode.c.cc26x2.ccs.o (.data:$O1$$)
                  200025e0    0000022c     project_zero.obj (.data:$O2$$)
                  2000280c    000001d4     devinfoservice.obj (.data:$O12$$)
                  200029e0    000001d4     oad.obj (.data:$O6$$)
                  20002bb4    00000170     drivers_cc26x2.a : PowerCC26X2.oem4f (.data:PowerCC26X2_module)
                  20002d24    0000010c     project_zero_app_pem4f.oem4f (.data:ROM_stateStruct)
                  20002e30    000000f8     StackWrapper.a : gapbondmgr.o (.data)
                  20002f28    000000b0     OneLib.a : gapgattserver.o (.data)
                  20002fd8    000000ac     data_service.obj (.data:$O10$$)
                  20003084    0000009c     icall.obj (.data:$O17$$)
                  20003120    00000084     button_service.obj (.data:$O8$$)
                  200031a4    00000068     ti_ble_config.obj (.data:$O1$$)
                  2000320c    00000064     OneLib.a : ll_config.o (.data)
                  20003270    00000060     nvocmp.obj (.data:$O4$$)
                  200032d0    0000005c     led_service.obj (.data:$O14$$)
                  2000332c    00000054     ti_radio_config.obj (.data:pOverrides_bleCommon)
                  20003380    00000050     ti_radio_config.obj (.data:txPowerTable_2400_pa5)
                  200033d0    0000004c     project_zero_app_pem4f.oem4f (.data:ti_sysbios_knl_Task_Object__table__V)
                  2000341c    00000004     OneLib.a : ll_slave_end_causes.o (.data)
                  20003420    00000048     project_zero_app_pem4f.oem4f (.data:ti_sysbios_family_arm_cc26xx_Timer_Object__table__V)
                  20003468    00000040     OneLib.a : gattservapp.o (.data)
                  200034a8    00000040              : sm_pairing.o (.data)
                  200034e8    00000040     ble_user_config.obj (.data:eccParams_NISTP256)
                  20003528    0000003c     icall_user_config.obj (.data:nvintfFncStruct)
                  20003564    00000038     project_zero_app_pem4f.oem4f (.data:ti_sysbios_gates_GateMutex_Object__table__V)
                  2000359c    00000030     project_zero_app_pem4f.oem4f (.data:ti_sysbios_knl_Swi_Module_State_0_readyQ__A)
                  200035cc    00000030     project_zero_app_pem4f.oem4f (.data:ti_sysbios_knl_Swi_Object__table__V)
                  200035fc    00000030     project_zero_app_pem4f.oem4f (.data:ti_sysbios_knl_Task_Module_State_0_readyQ__A)
                  2000362c    00000024     driverlib.lib : osc.obj (.data:$O21$$)
                  20003650    00000020     drivers_cc26x2.a : TRNGCC26XX.oem4f (.data:entropyPoolBuffer)
                  20003670    00000020     project_zero_app_pem4f.oem4f (.data:ti_sysbios_knl_Clock_Object__table__V)
                  20003690    00000020     project_zero_app_pem4f.oem4f (.data:xdc_runtime_Error_IgnoreBlock)
                  200036b0    00000018     flash_interface_ext_rtos_NVS.obj (.data:$O5$$)
                  200036c8    00000018     project_zero_app_pem4f.oem4f (.data:ti_sysbios_family_arm_m3_Hwi_Object__table__V)
                  200036e0    00000014     StackWrapper.a : osal.o (.data)
                  200036f4    00000014     ti_drivers_config.obj (.data:gpioCallbackFunctions)
                  20003708    00000014     ti_drivers_config.obj (.data:gpioPinConfigs)
                  2000371c    00000010     OneLib.a : gattservapp.o (.data)
                  2000372c    00000010              : ll.o (.data)
                  2000373c    00000010              : ll_data.o (.data)
                  2000374c    00000010     icall_user_config.obj (.data:bleAppServiceInfoTable)
                  2000375c    00000010     icall_api_lite.obj (.data)
                  2000376c    00000010     ti_radio_config.obj (.data:pOverrides_ble2Mbps)
                  2000377c    00000010     ti_radio_config.obj (.data:pOverrides_bleCoded)
                  2000378c    00000010     main.obj (.data:user0Cfg)
                  2000379c    0000000c     ti_radio_config.obj (.data:pOverrides_ble1Mbps)
                  200037a8    0000000c     project_zero_app_pem4f.oem4f (.data:ti_sysbios_heaps_HeapCallback_Object__table__V)
                  200037b4    00000009     devinfoservice.obj (.data)
                  200037bd    00000001     OneLib.a : gapgattserver.o (.data)
                  200037be    00000002              : ll_config.o (.data)
                  200037c0    00000008     icall_cc2650.obj (.data:$O19$$)
                  200037c8    00000008     ble_user_config.obj (.data:$O20$$)
                  200037d0    00000008     rtsv7M4_T_le_v4SPD16_eabi.lib : _lock.c.obj (.data:$O24$$)
                  200037d8    00000008     OneLib.a : gapgattserver.o (.data)
                  200037e0    00000008     rf_multiMode_cc26x2.aem4f : RFCC26X2_multiMode.c.cc26x2.ccs.o (.data:RFCC26XX_schedulerPolicy)
                  200037e8    00000008     drivers_cc26x2.a : PINCC26XX.oem4f (.data)
                  200037f0    00000008                      : TRNGCC26XX.oem4f (.data:jobList)
                  200037f8    00000008     project_zero_app_pem4f.oem4f (.data:ti_sysbios_family_arm_m3_Hwi_Module__root__V)
                  20003800    00000008     project_zero_app_pem4f.oem4f (.data:ti_sysbios_gates_GateHwi_Module__root__V)
                  20003808    00000008     project_zero_app_pem4f.oem4f (.data:ti_sysbios_gates_GateMutexPri_Module__root__V)
                  20003810    00000008     project_zero_app_pem4f.oem4f (.data:ti_sysbios_gates_GateMutex_Module__root__V)
                  20003818    00000008     project_zero_app_pem4f.oem4f (.data:ti_sysbios_hal_Hwi_Module__root__V)
                  20003820    00000008     project_zero_app_pem4f.oem4f (.data:ti_sysbios_heaps_HeapCallback_Module__root__V)
                  20003828    00000008     project_zero_app_pem4f.oem4f (.data:ti_sysbios_heaps_HeapMem_Module__root__V)
                  20003830    00000008     project_zero_app_pem4f.oem4f (.data:ti_sysbios_knl_Clock_Module__root__V)
                  20003838    00000008     project_zero_app_pem4f.oem4f (.data:ti_sysbios_knl_Event_Module__root__V)
                  20003840    00000008     project_zero_app_pem4f.oem4f (.data:ti_sysbios_knl_Mailbox_Module__root__V)
                  20003848    00000008     project_zero_app_pem4f.oem4f (.data:ti_sysbios_knl_Queue_Module__root__V)
                  20003850    00000008     project_zero_app_pem4f.oem4f (.data:ti_sysbios_knl_Semaphore_Module__root__V)
                  20003858    00000008     project_zero_app_pem4f.oem4f (.data:ti_sysbios_knl_Swi_Module__root__V)
                  20003860    00000008     project_zero_app_pem4f.oem4f (.data:ti_sysbios_knl_Task_Module__root__V)
                  20003868    00000005     drivers_cc26x2.a : GPIOCC26XX.oem4f (.data)
                  2000386d    00000001     OneLib.a : gapgattserver.o (.data)
                  2000386e    00000002     StackWrapper.a : osal_cbtimer.o (.data)
                  20003870    00000004                    : hal_assert.o (.data)
                  20003874    00000004     ble_user_config_stack.obj (.data)
                  20003878    00000004     drivers_cc26x2.a : GPIOCC26XX.oem4f (.data:gpioPinTable)
                  2000387c    00000004     rtsv7M4_T_le_v4SPD16_eabi.lib : stkdepth_vars.c.obj (.data)
                  20003880    00000004     project_zero_app_pem4f.oem4f (.data:ti_sysbios_family_arm_m3_Hwi_Module_State_0_excContext__A)
                  20003884    00000004     project_zero_app_pem4f.oem4f (.data:ti_sysbios_family_arm_m3_Hwi_Module_State_0_excStack__A)
                  20003888    00000004     project_zero_app_pem4f.oem4f (.data:ti_sysbios_knl_Task_Module_State_0_idleTask__A)
                  2000388c    00000002     button_service.obj (.data)
                  2000388e    00000002     data_service.obj (.data)
                  20003890    00000002     drivers_cc26x2.a : CryptoResourceCC26XX.oem4f (.data)
                  20003892    00000002                      : PKAResourceCC26XX.oem4f (.data)
                  20003894    00000002                      : TRNGCC26XX.oem4f (.data)
                  20003896    00000002     led_service.obj (.data)
                  20003898    00000002     oad.obj (.data)
                  2000389a    00000002     project_zero_app_pem4f.oem4f (.data:ti_sysbios_family_arm_m3_Hwi_Module_State_0_excActive__A)
                  2000389c    00000001     OneLib.a : gapgattserver.o (.data)
                  2000389d    00000001              : gapgattserver.o (.data)
                  2000389e    00000001              : gapgattserver.o (.data)
                  2000389f    00000001              : gapgattserver.o (.data)
                  200038a0    00000001              : gattservapp.o (.data)
                  200038a1    00000001              : gattservapp.o (.data)
                  200038a2    00000001              : ll.o (.data)
                  200038a3    00000001              : ll_ae.o (.data)
                  200038a4    00000001              : ll_data.o (.data)
                  200038a5    00000001              : ll_scheduler.o (.data)
                  200038a6    00000001              : sm_task.o (.data)
                  200038a7    00000001     StackWrapper.a : gap.o (.data)
                  200038a8    00000001                    : gap.o (.data)
                  200038a9    00000001                    : hal_assert.o (.data)
                  200038aa    00000001     drivers_cc26x2.a : AESCCMCC26XX.oem4f (.data)
                  200038ab    00000001                      : AESCTRCC26XX.oem4f (.data)
                  200038ac    00000001                      : AESCTRDRBGXX.oem4f (.data)
                  200038ad    00000001                      : AESECBCC26XX.oem4f (.data)
                  200038ae    00000001                      : ECDHCC26X2.oem4f (.data)
                  200038af    00000001                      : NVS.oem4f (.data)
                  200038b0    00000001                      : SPI.oem4f (.data)
                  200038b1    00000001                      : UART.oem4f (.data)
                  200038b2    00000001     rf_multiMode_cc26x2.aem4f : rf_patch_cpe_bt5.c.cc26x2.ccs.o (.data)

.bss       0    200038b8    00001726     UNINITIALIZED
                  200038b8    00000800     (.common:appTaskStack)
                  200040b8    00000300     project_zero_app_pem4f.oem4f (.bss:taskStackSection)
                  200043b8    000001bc     (.common:uartCC26XXObjects)
                  20004574    00000110     (.common:spiCC26X2DMAObjects)
                  20004684    00000100     (.common:crcBuf)
                  20004784    000000d8     (.common:ti_sysbios_family_arm_m3_Hwi_dispatchTable)
                  2000485c    00000084     (.common:trngCC26XXObjects)
                  200048e0    0000007c     (.common:pinHandleTable)
                  2000495c    00000078     StackWrapper.a : osal_cbtimer.o (.bss)
                  200049d4    00000058     (.common:aesctrdrbgXXObjects)
                  20004a2c    00000050     drivers_cc26x2.a : PINCC26XX.oem4f (.bss:pinSemaphore)
                  20004a7c    00000050     (.common:CryptoResourceCC26XX_accessSemaphore)
                  20004acc    00000050     (.common:CryptoResourceCC26XX_operationSemaphore)
                  20004b1c    00000050     (.common:PKAResourceCC26XX_accessSemaphore)
                  20004b6c    00000050     (.common:PKAResourceCC26XX_operationSemaphore)
                  20004bbc    00000040     ti_drivers_config.obj (.bss:verifyBuf)
                  20004bfc    0000003c     StackWrapper.a : osal_snv_wrapper.o (.bss)
                  20004c38    0000003c     drivers_cc26x2.a : PINCC26XX.oem4f (.bss:pinSwi)
                  20004c74    00000024     OneLib.a : ll.o (.bss)
                  20004c98    00000020              : gattservapp.o (.bss)
                  20004cb8    00000020     StackWrapper.a : gapbondmgr.o (.bss)
                  20004cd8    00000020                    : gapbondmgr.o (.bss)
                  20004cf8    00000020     drivers_cc26x2.a : GPIOCC26XX.oem4f (.bss:gpioCallbackInfo)
                  20004d18    00000020                      : PINCC26XX.oem4f (.bss:pinGpioConfigTable)
                  20004d38    00000020     ti_drivers_config.obj (.bss:uartCC26XXRingBuffer0)
                  20004d58    00000020     (.common:ecdhCC26X2Objects)
                  20004d78    00000020     (.common:udmaCC26XXObject)
                  20004d98    0000001c     drivers_cc26x2.a : TRNGCC26XX.oem4f (.bss:TRNGCC26XX_hwi)
                  20004db4    0000001c                      : TRNGCC26XX.oem4f (.bss:entropyPool)
                  20004dd0    0000001c                      : PINCC26XX.oem4f (.bss:pinHwi)
                  20004dec    0000001c     (.common:CryptoResourceCC26XX_hwi)
                  20004e08    0000001c     (.common:PKAResourceCC26XX_hwi)
                  20004e24    00000018     OneLib.a : gapgattserver.o (.bss)
                  20004e3c    00000018              : ll_common.o (.bss)
                  20004e54    00000018     (.common:aesccmCC26XXObjects)
                  20004e6c    00000018     (.common:aesctrCC26XXObjects)
                  20004e84    00000018     (.common:aesecbCC26XXObjects)
                  20004e9c    00000014     rf_multiMode_cc26x2.aem4f : RFCC26X2_multiMode.c.cc26x2.ccs.o (.bss:RF_ratSyncCmd)
                  20004eb0    00000014     drivers_cc26x2.a : Random.oem4f (.bss:state)
                  20004ec4    00000010                      : NVSSPI25X.oem4f (.bss:spiHandles)
                  20004ed4    0000000c     OneLib.a : ll.o (.bss)
                  20004ee0    0000000c              : ll.o (.bss)
                  20004eec    0000000c              : ll_scheduler.o (.bss)
                  20004ef8    0000000c     drivers_cc26x2.a : NVSCC26XX.oem4f (.bss)
                  20004f04    0000000c                      : NVSSPI25X.oem4f (.bss)
                  20004f10    0000000c                      : GPIOCC26XX.oem4f (.bss:gpioPinState)
                  20004f1c    0000000c     (.common:nvsSPI25XObjects)
                  20004f28    00000008     OneLib.a : ll.o (.bss)
                  20004f30    00000008     drivers_cc26x2.a : GPIOCC26XX.oem4f (.bss)
                  20004f38    00000004     OneLib.a : gapgattserver.o (.bss)
                  20004f3c    00000004              : gattservapp.o (.bss)
                  20004f40    00000004              : ll.o (.bss)
                  20004f44    00000004              : ll.o (.bss)
                  20004f48    00000004              : ll.o (.bss)
                  20004f4c    00000004              : ll.o (.bss)
                  20004f50    00000004              : ll.o (.bss)
                  20004f54    00000004              : ll_ae.o (.bss)
                  20004f58    00000004              : ll_ae.o (.bss)
                  20004f5c    00000004              : ll_common.o (.bss)
                  20004f60    00000004              : ll_enc.o (.bss)
                  20004f64    00000004              : ll_privacy.o (.bss)
                  20004f68    00000004     StackWrapper.a : gapbondmgr.o (.bss)
                  20004f6c    00000004                    : gapbondmgr.o (.bss)
                  20004f70    00000004                    : osal.o (.bss)
                  20004f74    00000004                    : osal.o (.bss)
                  20004f78    00000004                    : osal.o (.bss)
                  20004f7c    00000004                    : osal.o (.bss)
                  20004f80    00000004                    : osal.o (.bss)
                  20004f84    00000004                    : osal.o (.bss)
                  20004f88    00000004                    : osal_bufmgr.o (.bss)
                  20004f8c    00000004                    : osal_clock.o (.bss)
                  20004f90    00000004                    : osal_clock.o (.bss)
                  20004f94    00000004                    : osal_timers.o (.bss)
                  20004f98    00000004                    : osal_timers.o (.bss)
                  20004f9c    00000004                    : osal_timers.o (.bss)
                  20004fa0    00000004     drivers_cc26x2.a : ECDHCC26X2.oem4f (.bss)
                  20004fa4    00000004                      : PINCC26XX.oem4f (.bss)
                  20004fa8    00000004                      : NVSSPI25X.oem4f (.bss:spiHandleUsers)
                  20004fac    00000004     (.common:PowerCC26XX_swiKey)
                  20004fb0    00000004     (.common:PowerCC26XX_taskKey)
                  20004fb4    00000004     (.common:nvsCC26XXObjects)
                  20004fb8    00000004     (.common:tasksEvents)
                  20004fbc    00000002     OneLib.a : gapgattserver.o (.bss)
                  20004fbe    00000002              : ll.o (.bss)
                  20004fc0    00000002              : ll_slave_end_causes.o (.bss)
                  20004fc2    00000002     StackWrapper.a : osal_pwrmgr.o (.bss)
                  20004fc4    00000001     OneLib.a : gapgattserver.o (.bss)
                  20004fc5    00000001              : gattservapp.o (.bss)
                  20004fc6    00000001              : hci_tl.o (.bss)
                  20004fc7    00000001              : hci_tl.o (.bss)
                  20004fc8    00000001              : hci_tl.o (.bss)
                  20004fc9    00000001              : hci_tl.o (.bss)
                  20004fca    00000001              : hci_tl.o (.bss)
                  20004fcb    00000001              : hci_tl.o (.bss)
                  20004fcc    00000001              : ll.o (.bss)
                  20004fcd    00000001              : ll.o (.bss)
                  20004fce    00000001              : ll.o (.bss)
                  20004fcf    00000001              : ll.o (.bss)
                  20004fd0    00000001              : ll_ae.o (.bss)
                  20004fd1    00000001              : ll_config.o (.bss)
                  20004fd2    00000001              : ll_config.o (.bss)
                  20004fd3    00000001              : ll_enc.o (.bss)
                  20004fd4    00000001              : ll_isr.o (.bss)
                  20004fd5    00000001              : sm_task.o (.bss)
                  20004fd6    00000001     StackWrapper.a : ble_dispatch_lite.o (.bss)
                  20004fd7    00000001                    : gapbondmgr.o (.bss)
                  20004fd8    00000001                    : gapbondmgr.o (.bss)
                  20004fd9    00000001                    : hal_assert.o (.bss)
                  20004fda    00000001                    : osal.o (.bss)
                  20004fdb    00000001                    : osal_pwrmgr.o (.bss)
                  20004fdc    00000001     rf_multiMode_cc26x2.aem4f : RFCC26X2_multiMode.c.cc26x2.ccs.o (.bss)
                  20004fdd    00000001     (.common:driverlib_release_0_60278)

.vtable    0    20004fde    00000000     UNINITIALIZED

.vtable_ram 
*          0    20004fde    00000000     UNINITIALIZED

vtable_ram 
*          0    20004fde    00000000     UNINITIALIZED

.sysmem    0    20004fde    00000000     UNINITIALIZED

.nonretenvar 
*          0    20004fde    00000000     UNINITIALIZED

.noinit    0    20004fde    00000000     UNINITIALIZED

.stack     0    20013c00    00000400     UNINITIALIZED
                  20013c00    00000400     --HOLE--

.text      0    000000d0    0001d544     
                  000000d0    000011d8     project_zero.obj (.text:ProjectZero_taskFxn$2)
                  000012a8    000009dc     StackWrapper.a : gapbondmgr.o (.text)
                  00001c84    00000768     project_zero.obj (.text:ProjectZero_init$2)
                  000023ec    0000075c     StackWrapper.a : gapbondmgr.o (.text)
                  00002b48    000006d8     OneLib.a : ll_adv_end_causes.o (.text)
                  00003220    000006c7     project_zero.obj (.text:ProjectZero_bootManagerCheck$2)
                  000038e7    00000001     --HOLE-- [fill = 0]
                  000038e8    000004f0     OneLib.a : ll_ae.o (.text)
                  00003dd8    000004b8              : ll_isr.o (.text)
                  00004290    000004b0     rf_multiMode_cc26x2.aem4f : RFCC26X2_multiMode.c.cc26x2.ccs.o (.text:RF_fsmActiveState)
                  00004740    00000488     OneLib.a : ll_slave_end_causes.o (.text)
                  00004bc8    00000414              : ll.o (.text)
                  00004fdc    000003f4     oad.obj (.text:oadProcessExtControlCmd$8)
                  000053d0    000003e4     OneLib.a : ll_slave_end_causes.o (.text)
                  000057b4    000003c4              : ble.o (.text)
                  00005b78    000003a4              : ll_isr.o (.text)
                  00005f1c    000003a4              : ll_scheduler.o (.text)
                  000062c0    00000334              : ll_scheduler.o (.text)
                  000065f4    00000320              : ll.o (.text)
                  00006914    0000031c              : ll_ae.o (.text)
                  00006c30    000002f4     drivers_cc26x2.a : SPICC26X2DMA.oem4f (.text:SPICC26X2DMA_transfer)
                  00006f24    000002c4     OneLib.a : ll_ae.o (.text)
                  000071e8    000002b0     StackWrapper.a : gapbondmgr.o (.text)
                  00007498    0000029c     data_service.obj (.text:Data_Service_WriteAttrCB$11)
                  00007734    0000029c     OneLib.a : ll_isr.o (.text)
                  000079d0    00000274              : ll_ae.o (.text)
                  00007c44    0000025c     nvocmp.obj (.text:NVOCMP_addItem$5)
                  00007ea0    0000025c     StackWrapper.a : gapbondmgr.o (.text)
                  000080fc    0000025c     oad.obj (.text:oadImgBlockWrite$8)
                  00008358    00000248     OneLib.a : ll_data.o (.text)
                  000085a0    00000234              : ll_isr.o (.text)
                  000087d4    00000234     drivers_cc26x2.a : SPICC26X2DMA.oem4f (.text:SPICC26X2DMA_hwiFxn)
                  00008a08    00000230                      : ECDHCC26X2.oem4f (.text:ECDHCC26X2_runFSM)
                  00008c38    00000224     OneLib.a : ll_common.o (.text)
                  00008e5c    00000218     nvocmp.obj (.text:NVOCMP_initNv$5)
                  00009074    00000210     data_service.obj (.text:DataService_SetParameter)
                  00009284    00000210     rf_multiMode_cc26x2.aem4f : RFCC26X2_multiMode.c.cc26x2.ccs.o (.text:RF_scheduleCmd)
                  00009494    00000204     button_service.obj (.text:ButtonService_SetParameter)
                  00009698    00000204     OneLib.a : gattservapp.o (.text)
                  0000989c    00000200     rf_multiMode_cc26x2.aem4f : RFCC26X2_multiMode.c.cc26x2.ccs.o (.text:RF_open)
                  00009a9c    000001fe     main.obj (.text:AssertHandler)
                  00009c9a    00000002     ti_drivers_config.obj (.text:Board_initHook)
                  00009c9c    000001f4     drivers_cc26x2.a : PINCC26XX.oem4f (.text:PIN_init)
                  00009e90    000001e8     osal_icall_ble.obj (.text:stack_main)
                  0000a078    000001e0     StackWrapper.a : osal.o (.text)
                  0000a258    000001d8     led_service.obj (.text:LED_Service_WriteAttrCB$15)
                  0000a430    000001d8     OneLib.a : ll.o (.text)
                  0000a608    000001d4     rf_multiMode_cc26x2.aem4f : RFCC26X2_multiMode.c.cc26x2.ccs.o (.text:RF_dispatchNextCmd)
                  0000a7dc    000001bc     UartLog.obj (.text:uartLog_flush)
                  0000a998    000001a8     OneLib.a : ll_scheduler.o (.text)
                  0000ab40    00000198     drivers_cc26x2.a : PowerCC26X2.oem4f (.text:Power_sleep)
                  0000acd8    00000196     OneLib.a : ll_common.o (.text)
                  0000ae6e    00000002     ble_user_config.obj (.text:DefaultAssertCback)
                  0000ae70    00000190     drivers_cc26x2.a : PowerCC26X2_calibrateRCOSC.oem4f (.text:calibrateRcoscHf1)
                  0000b000    00000190     icall.obj (.text:icall_directAPI)
                  0000b190    0000018c     drivers_cc26x2.a : PowerCC26X2_calibrateRCOSC.oem4f (.text:runCalibrateFsm)
                  0000b31c    00000188     nvocmp.obj (.text:NVOCMP_compact$5)
                  0000b4a4    0000017c     OneLib.a : ll_isr.o (.text)
                  0000b620    00000178     drivers_cc26x2.a : SPICC26X2DMA.oem4f (.text:SPICC26X2DMA_transferCancel)
                  0000b798    00000178                      : SPICC26X2DMA.oem4f (.text:configNextTransfer)
                  0000b910    00000174     OneLib.a : gattservapp.o (.text)
                  0000ba84    00000174     drivers_cc26x2.a : PowerCC26X2.oem4f (.text:Power_init)
                  0000bbf8    00000168                      : NVSSPI25X.oem4f (.text:NVSSPI25X_write)
                  0000bd60    00000164                      : UARTCC26XX.oem4f (.text:UARTCC26XX_open)
                  0000bec4    00000162     StackWrapper.a : osal.o (.text)
                  0000c026    00000002     rom_init.obj (.text:MAP_llClearPeriodicAdvSets)
                  0000c028    00000160     button_service.obj (.text:Button_Service_ReadAttrCB$10)
                  0000c188    0000015c     data_service.obj (.text:Data_Service_ReadAttrCB$11)
                  0000c2e4    0000015c     led_service.obj (.text:LED_Service_ReadAttrCB$15)
                  0000c440    00000158     driverlib.lib : sys_ctrl.obj (.text:NOROM_SysCtrlStandby)
                  0000c598    00000158     OneLib.a : ll_common.o (.text)
                  0000c6f0    00000154     rf_multiMode_cc26x2.aem4f : RFCC26X2_multiMode.c.cc26x2.ccs.o (.text:RF_radioOpDoneCb)
                  0000c844    00000154     drivers_cc26x2.a : UARTCC26XX.oem4f (.text:UARTCC26XX_hwiIntFxn)
                  0000c998    00000150     crc32.obj (.text:CRC32_calc)
                  0000cae8    00000150     drivers_cc26x2.a : SPICC26X2DMA.oem4f (.text:SPICC26X2DMA_open)
                  0000cc38    00000150     oad.obj (.text:oadImgIdentifyWrite$8)
                  0000cd88    0000014c     OneLib.a : ll_isr.o (.text)
                  0000ced4    00000148     rf_multiMode_cc26x2.aem4f : RFCC26X2_multiMode.c.cc26x2.ccs.o (.text:RF_fsmSetupState)
                  0000d01c    00000148     drivers_cc26x2.a : SPICC26X2DMA.oem4f (.text:initIO)
                  0000d164    00000144     button_service.obj (.text:Button_Service_WriteAttrCB$10)
                  0000d2a8    00000144     OneLib.a : ll_ae.o (.text)
                  0000d3ec    00000144              : ll_common.o (.text)
                  0000d530    00000144     StackWrapper.a : gap.o (.text)
                  0000d674    00000140     OneLib.a : gattservapp.o (.text)
                  0000d7b4    0000013c     drivers_cc26x2.a : AESCCMCC26XX.oem4f (.text:AESCCM_startOperation)
                  0000d8f0    0000013a                      : UARTCC26XX.oem4f (.text:UARTCC26XX_read)
                  0000da2a    00000002     rom_init.obj (.text:MAP_llClearPeriodicScanSets)
                  0000da2c    00000138     drivers_cc26x2.a : ECDHCC26X2.oem4f (.text:ECDH_computeSharedSecret)
                  0000db64    00000138     led_service.obj (.text:LedService_SetParameter)
                  0000dc9c    00000138     drivers_cc26x2.a : NVSCC26XX.oem4f (.text:NVSCC26XX_write)
                  0000ddd4    00000138     project_zero.obj (.text:ProjectZero_handleUpdateLinkEvent$2)
                  0000df0c    00000138     rf_multiMode_cc26x2.aem4f : RFCC26X2_multiMode.c.cc26x2.ccs.o (.text:RF_abortCmd)
                  0000e044    00000138                               : RFCC26X2_multiMode.c.cc26x2.ccs.o (.text:RF_ratSetupChannel)
                  0000e17c    00000128     OneLib.a : gap_task.o (.text)
                  0000e2a4    00000120     nvocmp.obj (.text:NVOCMP_compactPage$5)
                  0000e3c4    00000120     OneLib.a : ll_common.o (.text)
                  0000e4e4    00000120              : ll_data.o (.text)
                  0000e604    00000120     drivers_cc26x2.a : PowerCC26X2.oem4f (.text:configureXOSCHF)
                  0000e724    0000011c     OneLib.a : ll_isr.o (.text)
                  0000e840    00000118              : ll_scheduler.o (.text)
                  0000e958    00000114              : ll_common.o (.text)
                  0000ea6c    00000114     drivers_cc26x2.a : PINCC26XX.oem4f (.text:PINCC26XX_setIoCfg)
                  0000eb80    00000110                      : GPIOCC26XX.oem4f (.text:GPIO_setConfig)
                  0000ec90    0000010c     OneLib.a : gatt_client.o (.text)
                  0000ed9c    00000108     drivers_cc26x2.a : AESECBCC26XX.oem4f (.text:AESECB_startOperation)
                  0000eea4    00000106     project_zero_app_pem4f.oem4f (.text:xdc_runtime_System_printfExtend__I)
                  0000efaa    00000002     rom_init.obj (.text:MAP_llDmmDynamicFree)
                  0000efac    00000104     rf_multiMode_cc26x2.aem4f : RFCC26X2_multiMode.c.cc26x2.ccs.o (.text:RF_hwiCpe0Active)
                  0000f0b0    00000100     nvocmp.obj (.text:NVOCMP_findItem$5)
                  0000f1b0    000000fe     OneLib.a : ll_scheduler.o (.text)
                  0000f2ae    00000002     rom_init.obj (.text:MAP_llDmmSetThreshold)
                  0000f2b0    000000fc     OneLib.a : ll_scheduler.o (.text)
                  0000f3ac    000000fc     rf_multiMode_cc26x2.aem4f : RFCC26X2_multiMode.c.cc26x2.ccs.o (.text:RF_decodeOverridePointers)
                  0000f4a8    000000fc     rtsv7M4_T_le_v4SPD16_eabi.lib : fd_mul_t2.asm.obj (.text)
                  0000f5a4    000000f8     drivers_cc26x2.a : AESCTRCC26XX.oem4f (.text:AESCTR_startOperation)
                  0000f69c    000000f8                      : NVSSPI25X.oem4f (.text:NVSSPI25X_open)
                  0000f794    000000f8     OneLib.a : sm_rsppairing.o (.text)
                  0000f88c    000000f8     oad.obj (.text:oadFindExtFlImgAddr$8)
                  0000f984    000000f4     OneLib.a : ll_scheduler.o (.text)
                  0000fa78    000000f4     drivers_cc26x2.a : SPICC26X2DMA.oem4f (.text:SPICC26X2DMA_control)
                  0000fb6c    000000f4     UartLog.obj (.text:UartLog_log)
                  0000fc60    000000f0     OneLib.a : ll_ae.o (.text)
                  0000fd50    000000f0     rf_multiMode_cc26x2.aem4f : RFCC26X2_multiMode.c.cc26x2.ccs.o (.text:RF_fsmPowerUpState)
                  0000fe40    000000ec     OneLib.a : gap_advertiser.o (.text)
                  0000ff2c    000000ec              : ll_common.o (.text)
                  00010018    000000e8     oad.obj (.text:oadWriteAttrCB$8)
                  00010100    000000e4     OneLib.a : gapgattserver.o (.text)
                  000101e4    000000e4              : ll_ae.o (.text)
                  000102c8    000000e0     StackWrapper.a : osal_timers.o (.text)
                  000103a8    000000e0     drivers_cc26x2.a : UARTCC26XX.oem4f (.text:UARTCC26XX_write)
                  00010488    000000dc     OneLib.a : ll_ae.o (.text)
                  00010564    000000d8     driverlib.lib : aes.obj (.text:NOROM_AESWriteToKeyStore)
                  0001063c    000000d8     rf_multiMode_cc26x2.aem4f : RFCC26X2_multiMode.c.cc26x2.ccs.o (.text:RF_control)
                  00010714    000000d8                               : RFCC26X2_multiMode.c.cc26x2.ccs.o (.text:RF_pendCmd)
                  000107ec    000000d8     driverlib.lib : setup.obj (.text:TrimAfterColdResetWakeupFromShutDown$32)
                  000108c4    000000d4     drivers_cc26x2.a : ECDHCC26X2.oem4f (.text:ECDH_generatePublicKey)
                  00010998    000000d2     rf_multiMode_cc26x2.aem4f : RFCC26X2_multiMode.c.cc26x2.ccs.o (.text:RF_updatePaConfiguration)
                  00010a6a    00000002     rom_init.obj (.text:MAP_llEndPeriodicScanTask)
                  00010a6c    000000cc     OneLib.a : hci_event.o (.text)
                  00010b38    000000cc     rf_multiMode_cc26x2.aem4f : RFCC26X2_multiMode.c.cc26x2.ccs.o (.text:RF_swiHw)
                  00010c04    000000cc     StackWrapper.a : osal.o (.text)
                  00010cd0    000000c8     OneLib.a : gap_scanner.o (.text)
                  00010d98    000000c8              : gapgattserver.o (.text)
                  00010e60    000000c8              : ll_ae.o (.text)
                  00010f28    000000c8     dpl_cc26x2.a : PowerCC26X2_tirtos.oem4f (.text:PowerCC26XX_standbyPolicy)
                  00010ff0    000000c4     drivers_cc26x2.a : GPIOCC26XX.oem4f (.text:GPIO_init)
                  000110b4    000000c4     oad.obj (.text:oadCreateFactoryImageBackup)
                  00011178    000000c0     nvocmp.obj (.text:NVOCMP_erase$5)
                  00011238    000000c0     OneLib.a : ll.o (.text)
                  000112f8    000000c0              : ll_isr.o (.text)
                  000113b8    000000c0     drivers_cc26x2.a : PowerCC26X2.oem4f (.text:Power_releaseDependency)
                  00011478    000000c0                      : TRNGCC26XX.oem4f (.text:TRNG_getRandom)
                  00011538    000000c0                      : UARTCC26XX.oem4f (.text:UARTCC26XX_initIO)
                  000115f8    000000bc                      : AESCTRDRBGXX.oem4f (.text:AESCTRDRBG_construct)
                  000116b4    000000bc                      : AESCTRDRBGXX.oem4f (.text:AESCTRDRBG_getRandomBytes)
                  00011770    000000bc     OneLib.a : ble.o (.text)
                  0001182c    000000bc              : ll_ecc.o (.text)
                  000118e8    000000bc              : ll_scheduler.o (.text)
                  000119a4    000000bc     project_zero.obj (.text:ProjectZero_DataService_ValueChangeCB$2)
                  00011a60    000000bc     rf_multiMode_cc26x2.aem4f : RFCC26X2_multiMode.c.cc26x2.ccs.o (.text:RF_initRadioSetup)
                  00011b1c    000000bc     main.obj (.text:main)
                  00011bd8    000000bb     project_zero.obj (.text:ProjectZero_LedService_ValueChangeCB$2)
                  00011c93    00000001     --HOLE-- [fill = 0]
                  00011c94    000000b8     OneLib.a : ll.o (.text)
                  00011d4c    000000b8              : ll_scheduler.o (.text)
                  00011e04    000000b8              : ll_slave_end_causes.o (.text)
                  00011ebc    000000b8     drivers_cc26x2.a : PowerCC26X2.oem4f (.text:Power_setDependency)
                  00011f74    000000b8     StackWrapper.a : gapbondmgr.o (.text)
                  0001202c    000000b8     drivers_cc26x2.a : UARTCC26XX.oem4f (.text:UARTCC26XX_initHw)
                  000120e4    000000b8                      : NVSSPI25X.oem4f (.text:doErase)
                  0001219c    000000b4                      : AESCTRDRBGXX.oem4f (.text:AESCTRDRBG_reseed)
                  00012250    000000b0     OneLib.a : ll_enc.o (.text)
                  00012300    000000b0     project_zero.obj (.text:ProjectZero_ButtonService_CfgChangeCB$2)
                  000123b0    000000b0     devinfoservice.obj (.text:devInfo_ReadAttrCB$12)
                  00012460    000000ae     project_zero.obj (.text:ProjectZero_DataService_CfgChangeCB$2)
                  0001250e    00000002     rom_init.obj (.text:MAP_llPeriodicAdv_PostProcess)
                  00012510    000000ac     drivers_cc26x2.a : ECDHCC26X2.oem4f (.text:ECDHCC26X2_hwiFxn)
                  000125bc    000000ac                      : PINCC26XX.oem4f (.text:PIN_open)
                  00012668    000000a8     gattservapp_util.obj (.text:GATTServApp_ProcessCharCfg)
                  00012710    000000a8     driverlib.lib : setup.obj (.text:NOROM_SetupTrimDevice)
                  000127b8    000000a8     nvocmp.obj (.text:NVOCMP_initNvApi$5)
                  00012860    000000a8     OneLib.a : hci_data.o (.text)
                  00012908    000000a8              : ll_common.o (.text)
                  000129b0    000000a8     StackWrapper.a : gapbondmgr.o (.text)
                  00012a58    000000a4     OneLib.a : ll_ae.o (.text)
                  00012afc    000000a4     rf_multiMode_cc26x2.aem4f : RFCC26X2_multiMode.c.cc26x2.ccs.o (.text:RF_ratRestartChannels)
                  00012ba0    000000a4     StackWrapper.a : osal_cbtimer.o (.text)
                  00012c44    000000a0     OneLib.a : gattservapp.o (.text)
                  00012ce4    000000a0              : ll_common.o (.text)
                  00012d84    000000a0     project_zero.obj (.text:ProjectZero_updatePHYStat$2)
                  00012e24    000000a0     auto_init.aem4f : auto_init.oem4f (.text)
                  00012ec4    000000a0     rom_sysbios.aem4f : rom_sysbios.obj (.text:ti_sysbios_knl_Task_setPri__E)
                  00012f64    0000009c     nvocmp.obj (.text:NVOCMP_readHeader$5)
                  00013000    0000009c     OneLib.a : ll_common.o (.text)
                  0001309c    0000009c              : ll_ecc.o (.text)
                  00013138    0000009c     drivers_cc26x2.a : TRNGCC26XX.oem4f (.text:TRNG_construct)
                  000131d4    0000009c     project_zero.obj (.text:buttonCallbackFxn$2)
                  00013270    0000009c     rtsv7M4_T_le_v4SPD16_eabi.lib : memcpy_t2.asm.obj (.text)
                  0001330c    00000098     OneLib.a : gattservapp.o (.text)
                  000133a4    00000098              : hci_event.o (.text)
                  0001343c    00000098     rf_multiMode_cc26x2.aem4f : RFCC26X2_multiMode.c.cc26x2.ccs.o (.text:RF_calculateDispatchTime)
                  000134d4    00000098     drivers_cc26x2.a : TRNGCC26XX.oem4f (.text:TRNGCC26XX_hwiFxn)
                  0001356c    00000098     oad.obj (.text:oadFindExtFlMetaPage$8)
                  00013604    00000098     drivers_cc26x2.a : UARTCC26XX.oem4f (.text:writeTxFifoFlush)
                  0001369c    00000096     rtsv7M4_T_le_v4SPD16_eabi.lib : ull_div_t2.asm.obj (.text)
                  00013732    00000002     rom_init.obj (.text:MAP_llProcessPeriodicScanRxFIFO)
                  00013734    00000094     icall.obj (.text:ICall_setTimer)
                  000137c8    00000094     OneLib.a : gatt_server.o (.text)
                  0001385c    00000094              : ll.o (.text)
                  000138f0    00000094              : ll_common.o (.text)
                  00013984    00000094              : ll_scheduler.o (.text)
                  00013a18    00000094     project_zero.obj (.text:ProjectZero_sendParamUpdate$2)
                  00013aac    00000092     drivers_cc26x2.a : UARTCC26XX.oem4f (.text:UARTCC26XX_writeCancel)
                  00013b3e    00000002     rom_init.obj (.text:MAP_llSetPeriodicSyncInfo)
                  00013b40    00000090     OneLib.a : ll.o (.text)
                  00013bd0    00000090              : ll_ae.o (.text)
                  00013c60    00000090     rf_multiMode_cc26x2.aem4f : RFCC26X2_multiMode.c.cc26x2.ccs.o (.text:RF_discardPendCmd)
                  00013cf0    00000090                               : RFCC26X2_multiMode.c.cc26x2.ccs.o (.text:RF_getInfo)
                  00013d80    00000090     project_zero.obj (.text:buttonDebounceSwiFxn$2)
                  00013e10    00000090     osal_icall_ble.obj (.text:osalInitTasks)
                  00013ea0    00000090     project_zero.obj (.text:util_arrtohex$2)
                  00013f30    0000008e     drivers_cc26x2.a : CryptoUtils.oem4f (.text:CryptoUtils_reverseCopyPad)
                  00013fbe    00000002     rom_init.obj (.text:MAP_llUpdateCteState)
                  00013fc0    0000008c     icall.obj (.text:ICall_heapMalloc)
                  0001404c    0000008c     gattservapp_util.obj (.text:gattServApp_SendNotiInd$14)
                  000140d8    0000008c     rom_sysbios.aem4f : rom_sysbios.obj (.text:ti_sysbios_gates_GateMutexPri_enter__E)
                  00014164    0000008a     drivers_cc26x2.a : AESCTRDRBGXX.oem4f (.text:AESCTRDRBGXX_updateState)
                  000141ee    00000002     rom_init.obj (.text:MAP_llUpdatePeriodicAdvChainPacket)
                  000141f0    00000088     driverlib.lib : osc.obj (.text:NOROM_OSCHF_AttemptToSwitchToXosc)
                  00014278    00000088     OneLib.a : gap_task.o (.text)
                  00014300    00000088              : hci_event.o (.text)
                  00014388    00000088     rf_multiMode_cc26x2.aem4f : RFCC26X2_multiMode.c.cc26x2.ccs.o (.text:RF_cmdDispatchTime)
                  00014410    00000088     StackWrapper.a : osal_cbtimer.o (.text)
                  00014498    00000088     drivers_cc26x2.a : PowerCC26X2_calibrateRCOSC.oem4f (.text:calibrateRcoscHf2)
                  00014520    00000088                      : PowerCC26X2.oem4f (.text:disableLFClockQualifiers)
                  000145a8    00000088                      : PowerCC26X2_calibrateRCOSC.oem4f (.text:updateSubSecInc)
                  00014630    00000084                      : NVSSPI25X.oem4f (.text:NVSSPI25X_close)
                  000146b4    00000084     OneLib.a : ll_ae.o (.text)
                  00014738    00000084     rf_multiMode_cc26x2.aem4f : RFCC26X2_multiMode.c.cc26x2.ccs.o (.text:RF_issueRadioFreeCb)
                  000147bc    00000084                               : RFCC26X2_multiMode.c.cc26x2.ccs.o (.text:RF_verifyGap)
                  00014840    00000084     drivers_cc26x2.a : UARTCC26XX.oem4f (.text:UARTCC26XX_close)
                  000148c4    00000084     oad.obj (.text:oadSendNotification$8)
                  00014948    00000080     driverlib.lib : chipinfo.obj (.text:NOROM_ChipInfo_GetChipType)
                  000149c8    00000080     drivers_cc26x2.a : NVSCC26XX.oem4f (.text:NVSCC26XX_open)
                  00014a48    00000080     OneLib.a : ll_enc.o (.text)
                  00014ac8    00000080              : ll_isr.o (.text)
                  00014b48    00000080     oad.obj (.text:oadResetState$8)
                  00014bc8    00000080     rom_sysbios.aem4f : rom_sysbios.obj (.text:ti_sysbios_family_arm_cc26xx_Timer_start__E)
                  00014c48    0000007e     OneLib.a : gap_task.o (.text)
                  00014cc6    00000002     rom_init.obj (.text:MAP_rf_patch_rfe)
                  00014cc8    0000007c     nvocmp.obj (.text:NVOCMP_readItemApi$5)
                  00014d44    0000007c     OneLib.a : ll_common.o (.text)
                  00014dc0    0000007c     rf_multiMode_cc26x2.aem4f : RFCC26X2_multiMode.c.cc26x2.ccs.o (.text:RF_ratFreeChannel)
                  00014e3c    0000007c     StackWrapper.a : gapbondmgr.o (.text)
                  00014eb8    0000007c     drivers_cc26x2.a : NVSSPI25X.oem4f (.text:doRead)
                  00014f34    0000007a     OneLib.a : gattservapp.o (.text)
                  00014fae    0000007a     rtsv7M4_T_le_v4SPD16_eabi.lib : memset_t2.asm.obj (.text)
                  00015028    00000078     icall.obj (.text:ICall_heapInit)
                  000150a0    00000078     nvocmp.obj (.text:NVOCMP_checkItem$5)
                  00015118    00000078     OneLib.a : ll_common.o (.text)
                  00015190    00000078     StackWrapper.a : osal_cbtimer.o (.text)
                  00015208    00000078     drivers_cc26x2.a : NVSSPI25X.oem4f (.text:doWriteVerify)
                  00015280    00000078     rom_sysbios.aem4f : rom_sysbios.obj (.text:ti_sysbios_heaps_HeapMem_allocUnprotected__E)
                  000152f8    00000076     OneLib.a : ll_common.o (.text)
                  0001536e    00000076     StackWrapper.a : gap.o (.text)
                  000153e4    00000074     nvocmp.obj (.text:NVOCMP_writeItemApi$5)
                  00015458    00000074     OneLib.a : ll_enc.o (.text)
                  000154cc    00000074     drivers_cc26x2.a : PowerCC26X2_calibrateRCOSC.oem4f (.text:PowerCC26X2_auxISR)
                  00015540    00000074     rf_multiMode_cc26x2.aem4f : RFCC26X2_multiMode.c.cc26x2.ccs.o (.text:RF_ratDisableChannel)
                  000155b4    00000074     rom_sysbios.aem4f : rom_sysbios.obj (.text:ti_sysbios_gates_GateMutexPri_leave__E)
                  00015628    00000072     rf_multiMode_cc26x2.aem4f : RFCC26X2_multiMode.c.cc26x2.ccs.o (.text:RF_detachOverrides)
                  0001569a    00000072     drivers_cc26x2.a : SPICC26X2DMA.oem4f (.text:csnCallback)
                  0001570c    00000070                      : AESCCMCC26XX.oem4f (.text:AESCCM_cleanup)
                  0001577c    00000070     icall.obj (.text:ICall_heapGetStats)
                  000157ec    00000070     rf_multiMode_cc26x2.aem4f : rfc.c.cc26x2.ccs.o (.text:NOROM_RFCAnaDivTxOverride)
                  0001585c    00000070     nvocmp.obj (.text:NVOCMP_eraseNvApi$5)
                  000158cc    00000070     OneLib.a : gatt_server.o (.text)
                  0001593c    00000070              : ll_common.o (.text)
                  000159ac    00000070              : ll_enc.o (.text)
                  00015a1c    00000070     drivers_cc26x2.a : PINCC26XX.oem4f (.text:PIN_add)
                  00015a8c    00000070     rf_multiMode_cc26x2.aem4f : RFCC26X2_multiMode.c.cc26x2.ccs.o (.text:RF_getCurrentTime)
                  00015afc    00000070     drivers_cc26x2.a : Random.oem4f (.text:Random_seedAutomatic)
                  00015b6c    00000070     StackWrapper.a : osal.o (.text)
                  00015bdc    0000006e     OneLib.a : gatt_server.o (.text)
                  00015c4a    0000006e     rf_multiMode_cc26x2.aem4f : RFCC26X2_multiMode.c.cc26x2.ccs.o (.text:RF_attachOverrides)
                  00015cb8    0000006e                               : RFCC26X2_multiMode.c.cc26x2.ccs.o (.text:RF_howToSchedule)
                  00015d26    00000002                               : rfc.c.cc26x2.ccs.o (.text:NOROM_RFCCpePatchReset)
                  00015d28    0000006d     rom_sysbios.aem4f : rom_sysbios.obj (.text:xdc_runtime_System_formatNum__I)
                  00015d95    00000001     --HOLE-- [fill = 0]
                  00015d96    00000002     drivers_cc26x2.a : NVSSPI25X.oem4f (.text:NVSSPI25X_deinitSpiCs)
                  00015d98    0000006c     nvocmp.obj (.text:NVOCMP_getDstPage$5)
                  00015e04    0000006c     OneLib.a : ll_isr.o (.text)
                  00015e70    0000006c     rf_multiMode_cc26x2.aem4f : RFCC26X2_multiMode.c.cc26x2.ccs.o (.text:RF_dispatchNextEvent)
                  00015edc    0000006c     StackWrapper.a : osal_cbtimer.o (.text)
                  00015f48    0000006c     oad.obj (.text:oadCheckDL$8)
                  00015fb4    0000006c     oad.obj (.text:oadFindCurrentImageHdr$8)
                  00016020    00000068     drivers_cc26x2.a : CryptoUtils.oem4f (.text:CryptoUtils_copyPad)
                  00016088    00000068     icall.obj (.text:ICall_send)
                  000160f0    00000068     icall.obj (.text:ICall_sendServiceComplete)
                  00016158    00000068     driverlib.lib : osc.obj (.text:NOROM_OSCHF_SwitchToRcOscTurnOffXosc)
                  000161c0    00000068     OneLib.a : gap_task.o (.text)
                  00016228    00000068              : gattservapp.o (.text)
                  00016290    00000068              : ll.o (.text)
                  000162f8    00000068              : ll_ae.o (.text)
                  00016360    00000068              : sm_intpairing.o (.text)
                  000163c8    00000068     rf_multiMode_cc26x2.aem4f : RFCC26X2_multiMode.c.cc26x2.ccs.o (.text:RF_hwiHw)
                  00016430    00000068     StackWrapper.a : osal_timers.o (.text)
                  00016498    00000068     rtsv7M4_T_le_v4SPD16_eabi.lib : copy_decompress_lzss.c.obj (.text:decompress:lzss:__TI_decompress_lzss)
                  00016500    00000066     OneLib.a : ll_common.o (.text)
                  00016566    00000066     StackWrapper.a : icall_lite_translation.o (.text)
                  000165cc    00000064     drivers_cc26x2.a : AESCCMCC26XX.oem4f (.text:AESCCM_waitForResult)
                  00016630    00000064                      : AESCTRCC26XX.oem4f (.text:AESCTR_waitForResult)
                  00016694    00000064                      : AESECBCC26XX.oem4f (.text:AESECB_waitForResult)
                  000166f8    00000064     nvocmp.obj (.text:NVOCMP_findSignature$5)
                  0001675c    00000064     OneLib.a : gapgattserver.o (.text)
                  000167c0    00000064              : gattservapp.o (.text)
                  00016824    00000064              : ll_scheduler.o (.text)
                  00016888    00000064     drivers_cc26x2.a : UARTCC26XX.oem4f (.text:UARTCC26XX_control)
                  000168ec    00000062     ti_drivers_config.obj (.text:Board_sendExtFlashByte)
                  0001694e    00000062     gattservapp_util.obj (.text:GATTServApp_ProcessCCCWriteReq)
                  000169b0    00000062     rf_multiMode_cc26x2.aem4f : RFCC26X2_multiMode.c.cc26x2.ccs.o (.text:RF_syncCb)
                  00016a12    00000062     drivers_cc26x2.a : UARTCC26XX.oem4f (.text:UARTCC26XX_swiIntFxn)
                  00016a74    00000060                      : AESCCMCC26XX.oem4f (.text:AESCCM_hwiFxn)
                  00016ad4    00000060                      : AESCTRCC26XX.oem4f (.text:AESCTR_hwiFxn)
                  00016b34    00000060                      : AESECBCC26XX.oem4f (.text:AESECB_hwiFxn)
                  00016b94    00000060                      : CryptoResourceCC26XX.oem4f (.text:CryptoResourceCC26XX_constructRTOSObjects)
                  00016bf4    00000060                      : GPIOCC26XX.oem4f (.text:GPIO_write)
                  00016c54    00000060     icall.obj (.text:ICall_createRemoteTasksAtRuntime)
                  00016cb4    00000060     icall.obj (.text:ICall_enrollService)
                  00016d14    00000060     OneLib.a : ll_common.o (.text)
                  00016d74    00000060     drivers_cc26x2.a : PKAResourceCC26XX.oem4f (.text:PKAResourceCC26XX_constructRTOSObjects)
                  00016dd4    00000060     rf_multiMode_cc26x2.aem4f : RFCC26X2_multiMode.c.cc26x2.ccs.o (.text:RF_applyRfCorePatch)
                  00016e34    00000060     StackWrapper.a : gapbondmgr.o (.text)
                  00016e94    00000060     drivers_cc26x2.a : TRNGCC26XX.oem4f (.text:TRNGCC26XX_startTrng)
                  00016ef4    0000005e     icall.obj (.text:ICall_fetchMsg)
                  00016f52    0000005e     OneLib.a : ll_common.o (.text)
                  00016fb0    0000005c     icall.obj (.text:ICall_pwrUpdActivityCounter)
                  0001700c    0000005c     nvocmp.obj (.text:NVOCMP_readItem$5)
                  00017068    0000005c     OneLib.a : gap_perilinkmgr.o (.text)
                  000170c4    0000005c              : ll_scheduler.o (.text)
                  00017120    0000005c              : sm_rsppairing.o (.text)
                  0001717c    0000005c     drivers_cc26x2.a : PINCC26XX.oem4f (.text:PIN_remove)
                  000171d8    0000005c     rf_multiMode_cc26x2.aem4f : RFCC26X2_multiMode.c.cc26x2.ccs.o (.text:RF_hwiCpe0PowerFsm)
                  00017234    0000005c     drivers_cc26x2.a : NVSCC26XX.oem4f (.text:doErase)
                  00017290    0000005c                      : SPICC26X2DMA.oem4f (.text:initHw)
                  000172ec    0000005c                      : UARTCC26XX.oem4f (.text:startTxFifoEmptyClk)
                  00017348    0000005c     project_zero_app_pem4f.oem4f (.text:xdc_runtime_Startup_getState__I)
                  000173a4    00000058     drivers_cc26x2.a : ECDHCC26X2.oem4f (.text:ECDH_construct)
                  000173fc    00000058     icall.obj (.text:ICall_wait)
                  00017454    00000058     OneLib.a : ll_ae.o (.text)
                  000174ac    00000058              : ll_common.o (.text)
                  00017504    00000058              : ll_enc.o (.text)
                  0001755c    00000058              : sm_pairing.o (.text)
                  000175b4    00000058     drivers_cc26x2.a : PowerCC26X2_calibrateRCOSC.oem4f (.text:PowerCC26X2_initiateCalibration)
                  0001760c    00000058     project_zero.obj (.text:ProjectZero_enqueueMsg$2)
                  00017664    00000058     StackWrapper.a : sm_ecc.o (.text)
                  000176bc    00000058     drivers_cc26x2.a : TRNGCC26XX.oem4f (.text:TRNG_init)
                  00017714    00000058     boot.aem4f : boot.oem4f (.text)
                  0001776c    00000058     drivers_cc26x2.a : NVSSPI25X.oem4f (.text:extFlashWaitReady)
                  000177c4    00000058     rom_sysbios.aem4f : rom_sysbios.obj (.text:ti_sysbios_heaps_HeapMem_alloc__E)
                  0001781c    00000056     rf_multiMode_cc26x2.aem4f : RFCC26X2_multiMode.c.cc26x2.ccs.o (.text:RF_defaultSubmitPolicy)
                  00017872    00000002     OneLib.a : ll.o (.text)
                  00017874    00000054     drivers_cc26x2.a : AESCCMCC26XX.oem4f (.text:AESCCM_construct)
                  000178c8    00000054                      : AESCTRCC26XX.oem4f (.text:AESCTR_construct)
                  0001791c    00000054                      : AESECBCC26XX.oem4f (.text:AESECB_construct)
                  00017970    00000054     driverlib.lib : prcm.obj (.text:NOROM_PRCMPowerDomainsAllOff)
                  000179c4    00000054     nvocmp.obj (.text:NVOCMP_doNVCRC$5)
                  00017a18    00000054     drivers_cc26x2.a : NVSCC26XX.oem4f (.text:NVSCC26XX_init)
                  00017a6c    00000054     OneLib.a : gattservapp.o (.text)
                  00017ac0    00000054              : hci_event.o (.text)
                  00017b14    00000054              : ll.o (.text)
                  00017b68    00000054              : ll_ae.o (.text)
                  00017bbc    00000054              : ll_ae.o (.text)
                  00017c10    00000054              : ll_ae.o (.text)
                  00017c64    00000054              : ll_isr.o (.text)
                  00017cb8    00000054     rf_multiMode_cc26x2.aem4f : RFCC26X2_multiMode.c.cc26x2.ccs.o (.text:RF_fsmXOSCState)
                  00017d0c    00000054     StackWrapper.a : osal_bufmgr.o (.text)
                  00017d60    00000054     drivers_cc26x2.a : StructRingBuf.oem4f (.text:StructRingBuf_put)
                  00017db4    00000054     dpl_cc26x2.a : SwiP_tirtos.oem4f (.text:SwiP_construct)
                  00017e08    00000054     rf_multiMode_cc26x2.aem4f : rf_patch_cpe_bt5.c.cc26x2.ccs.o (.text:configureBt5Patch)
                  00017e5c    00000052     OneLib.a : gap_centlinkmgr.o (.text)
                  00017eae    00000050     drivers_cc26x2.a : AESCTRDRBGXX.oem4f (.text:AESCTRDRBGXX_addBigendCounter)
                  00017efe    00000002     OneLib.a : ll.o (.text)
                  00017f00    00000050     button_service.obj (.text:Button_Service_findCharParamId$10)
                  00017f50    00000050     data_service.obj (.text:Data_Service_findCharParamId$11)
                  00017fa0    00000050     led_service.obj (.text:LED_Service_findCharParamId$15)
                  00017ff0    00000050     nvocmp.obj (.text:NVOCMP_compactNvApi$5)
                  00018040    00000050     OneLib.a : gap_perilinkmgr.o (.text)
                  00018090    00000050              : hci_tl.o (.text)
                  000180e0    00000050              : ll_common.o (.text)
                  00018130    00000050              : ll_enc.o (.text)
                  00018180    00000050     drivers_cc26x2.a : SPICC26X2DMA.oem4f (.text:SPICC26X2DMA_close)
                  000181d0    00000050     StackWrapper.a : osal.o (.text)
                  00018220    00000050                    : osal_clock.o (.text)
                  00018270    00000050     drivers_cc26x2.a : TRNGCC26XX.oem4f (.text:TRNGCC26XX_waitForResult)
                  000182c0    00000050                      : NVSSPI25X.oem4f (.text:extFlashSpiWrite)
                  00018310    00000050     oad.obj (.text:oadEnqueueMsg$8)
                  00018360    0000004e     StackWrapper.a : gap.o (.text)
                  000183ae    00000002     rf_multiMode_cc26x2.aem4f : RFCC26X2_multiMode.c.cc26x2.ccs.o (.text:RF_defaultCallback)
                  000183b0    0000004c     icall.obj (.text:ICall_newTask$21)
                  000183fc    0000004c     driverlib.lib : prcm.obj (.text:NOROM_PRCMPowerDomainsAllOn)
                  00018448    0000004c     nvocmp.obj (.text:NVOCMP_loadApiPtrsMin)
                  00018494    0000004c     nvocmp.obj (.text:NVOCMP_setItemInactive$5)
                  000184e0    0000004c     OneLib.a : ble.o (.text)
                  0001852c    0000004c              : gap_scanner.o (.text)
                  00018578    0000004c              : ll_scheduler.o (.text)
                  000185c4    0000004c              : ll_scheduler.o (.text)
                  00018610    0000004c     rf_multiMode_cc26x2.aem4f : RFCC26X2_multiMode.c.cc26x2.ccs.o (.text:RF_wakeupNotification)
                  0001865c    0000004c     drivers_cc26x2.a : StructRingBuf.oem4f (.text:StructRingBuf_get)
                  000186a8    0000004c                      : UARTCC26XX.oem4f (.text:UARTCC26XX_readCancel)
                  000186f4    0000004c                      : UDMACC26XX.oem4f (.text:UDMACC26XX_open)
                  00018740    0000004c     util.obj (.text:Util_constructClock)
                  0001878c    0000004c     rtsv7M4_T_le_v4SPD16_eabi.lib : cpy_tbl.c.obj (.text:copy_in)
                  000187d8    00000048     ti_drivers_config.obj (.text:Board_wakeUpExtFlash)
                  00018820    00000048     rf_multiMode_cc26x2.aem4f : rfc.c.cc26x2.ccs.o (.text:NOROM_RFCSynthPowerDown)
                  00018868    00000048     nvocmp.obj (.text:NVOCMP_write$5)
                  000188b0    00000048     drivers_cc26x2.a : NVSSPI25X.oem4f (.text:NVSSPI25X_read)
                  000188f8    00000048                      : NVS.oem4f (.text:NVS_open)
                  00018940    00000048     OneLib.a : gattservapp.o (.text)
                  00018988    00000048              : ll.o (.text)
                  000189d0    00000048              : ll.o (.text)
                  00018a18    00000048     drivers_cc26x2.a : PINCC26XX.oem4f (.text:PIN_setOutputEnable)
                  00018a60    00000048                      : PowerCC26X2_calibrateRCOSC.oem4f (.text:PowerCC26X2_RCOSC_clockFunc)
                  00018aa8    00000048                      : PowerCC26X2.oem4f (.text:PowerCC26XX_switchXOSC_HF)
                  00018af0    00000048     project_zero.obj (.text:ProjectZero_clearConnListEntry$2)
                  00018b38    00000048     drivers_cc26x2.a : NVSCC26XX.oem4f (.text:disableFlashCache)
                  00018b80    00000048                      : NVSSPI25X.oem4f (.text:extFlashMassErase)
                  00018bc8    00000048     rtsv7M4_T_le_v4SPD16_eabi.lib : fd_toi_t2.asm.obj (.text)
                  00018c10    00000048     drivers_cc26x2.a : PowerCC26X2.oem4f (.text:switchXOSCHF)
                  00018c58    00000048                      : UARTCC26XX.oem4f (.text:writeFinishedDoCallback)
                  00018ca0    00000046                      : RingBuf.oem4f (.text:RingBuf_put)
                  00018ce6    00000002     StackWrapper.a : common_rom_init.o (.text)
                  00018ce8    00000044     drivers_cc26x2.a : ECDHCC26X2.oem4f (.text:ECDHCC26X2_waitForResult)
                  00018d2c    00000044     driverlib.lib : chipinfo.obj (.text:NOROM_ChipInfo_GetHwRevision)
                  00018d70    00000044     nvocmp.obj (.text:NVOCMP_getFreeNvApi$5)
                  00018db4    00000044     drivers_cc26x2.a : NVSCC26XX.oem4f (.text:NVSCC26XX_read)
                  00018df8    00000044     OneLib.a : ll.o (.text)
                  00018e3c    00000044              : ll.o (.text)
                  00018e80    00000044              : ll_ae.o (.text)
                  00018ec4    00000044              : ll_common.o (.text)
                  00018f08    00000044     drivers_cc26x2.a : PINCC26XX.oem4f (.text:PIN_swi)
                  00018f4c    00000044                      : SPI.oem4f (.text:SPI_init)
                  00018f90    00000044     StackWrapper.a : osal.o (.text)
                  00018fd4    00000044                    : osal_timers.o (.text)
                  00019018    00000044     drivers_cc26x2.a : UART.oem4f (.text:UART_init)
                  0001905c    00000044     oad.obj (.text:oadValidateCandidateHdr$8)
                  000190a0    00000044     rtsv7M4_T_le_v4SPD16_eabi.lib : fd_tou_t2.asm.obj (.text)
                  000190e4    00000042     OneLib.a : ll.o (.text)
                  00019126    00000042              : ll_common.o (.text)
                  00019168    00000042     drivers_cc26x2.a : SPICC26X2DMA.oem4f (.text:SPICC26X2DMA_swiFxn)
                  000191aa    00000040     dpl_cc26x2.a : ClockP_tirtos.oem4f (.text:ClockP_construct)
                  000191ea    00000040     drivers_cc26x2.a : ECDHCC26X2.oem4f (.text:ECDHCC26X2_convertReturnValue)
                  0001922a    00000002     StackWrapper.a : hal_assert.o (.text)
                  0001922c    00000040     drivers_cc26x2.a : ECDHCC26X2.oem4f (.text:ECDHCC26X2_getPublicKeyResult)
                  0001926c    00000040     driverlib.lib : osc.obj (.text:NOROM_OSC_HPOSCRelativeFrequencyOffsetGet)
                  000192ac    00000040     OneLib.a : gap_configmgr.o (.text)
                  000192ec    00000040              : gattservapp.o (.text)
                  0001932c    00000040              : linkdb.o (.text)
                  0001936c    00000040              : ll_common.o (.text)
                  000193ac    00000040              : ll_common.o (.text)
                  000193ec    00000040              : sm_intpairing.o (.text)
                  0001942c    00000040     drivers_cc26x2.a : PowerCC26X2.oem4f (.text:PowerCC26XX_isStableXOSC_HF)
                  0001946c    00000040                      : Random.oem4f (.text:Random_getNumber)
                  000194ac    00000040                      : RingBuf.oem4f (.text:RingBuf_get)
                  000194ec    00000040                      : SPI.oem4f (.text:SPI_open)
                  0001952c    00000040     StackWrapper.a : osal.o (.text)
                  0001956c    00000040                    : osal_bufmgr.o (.text)
                  000195ac    00000040                    : osal_bufmgr.o (.text)
                  000195ec    00000040                    : osal_timers.o (.text)
                  0001962c    00000040     drivers_cc26x2.a : TRNGCC26XX.oem4f (.text:TRNGCC26XX_copyToClient)
                  0001966c    00000040                      : UART.oem4f (.text:UART_open)
                  000196ac    00000040     oad.obj (.text:oadCheckFactoryImage$8)
                  000196ec    00000040     rtsv7M4_T_le_v4SPD16_eabi.lib : u_divt2.asm.obj (.text)
                  0001972c    00000040     rom_sysbios.aem4f : rom_sysbios.obj (.text:ti_sysbios_family_arm_cc26xx_Timer_setThreshold__I)
                  0001976c    00000040                       : rom_sysbios.obj (.text:ti_sysbios_heaps_HeapCallback_Module_startup__E)
                  000197ac    0000003e     dpl_cc26x2.a : HwiP_tirtos.oem4f (.text:HwiP_construct)
                  000197ea    0000003e     OneLib.a : ll_common.o (.text)
                  00019828    0000003e     drivers_cc26x2.a : TRNGCC26XX.oem4f (.text:TRNGCC26XX_serviceJob)
                  00019866    00000002     StackWrapper.a : hal_assert.o (.text)
                  00019868    0000003c     nvocmp.obj (.text:NVOCMP_disableCache$5)
                  000198a4    0000003c     OneLib.a : gap_linkmgr.o (.text)
                  000198e0    0000003c              : gattservapp.o (.text)
                  0001991c    0000003c              : gattservapp.o (.text)
                  00019958    0000003c              : gattservapp.o (.text)
                  00019994    0000003c              : ll_ae.o (.text)
                  000199d0    0000003c              : ll_ae.o (.text)
                  00019a0c    0000003c     drivers_cc26x2.a : PINCC26XX.oem4f (.text:PIN_setInterrupt)
                  00019a48    0000003c                      : PINCC26XX.oem4f (.text:PIN_setOutputValue)
                  00019a84    0000003c     project_zero.obj (.text:ProjectZero_createTask)
                  00019ac0    0000003c     rf_multiMode_cc26x2.aem4f : RFCC26X2_multiMode.c.cc26x2.ccs.o (.text:RF_cmdGet)
                  00019afc    0000003c                               : RFCC26X2_multiMode.c.cc26x2.ccs.o (.text:RF_cmdStoreEvents)
                  00019b38    0000003c     StackWrapper.a : osal.o (.text)
                  00019b74    0000003c                    : osal.o (.text)
                  00019bb0    0000003c                    : osal.o (.text)
                  00019bec    0000003c                    : osal_timers.o (.text)
                  00019c28    0000003c                    : sm_ecc.o (.text)
                  00019c64    0000003c     drivers_cc26x2.a : NVSCC26XX.oem4f (.text:checkEraseRange)
                  00019ca0    0000003c     rom_sysbios.aem4f : rom_sysbios.obj (.text:ti_sysbios_family_arm_m3_Hwi_construct2__E)
                  00019cdc    0000003a     StackWrapper.a : osal.o (.text)
                  00019d16    0000003a     drivers_cc26x2.a : NVSSPI25X.oem4f (.text:checkEraseRange)
                  00019d50    0000003a     oad.obj (.text:oadEraseExtFlashPages$8)
                  00019d8a    00000002     StackWrapper.a : onboard.o (.text)
                  00019d8c    00000038     ti_drivers_config.obj (.text:Board_shutDownExtFlash)
                  00019dc4    00000038     oad.obj (.text:OAD_getSWVersion)
                  00019dfc    00000038     OneLib.a : hci.o (.text)
                  00019e34    00000038              : linkdb.o (.text)
                  00019e6c    00000038              : ll_ae.o (.text)
                  00019ea4    00000038              : ll_ae.o (.text)
                  00019edc    00000038              : ll_ae.o (.text)
                  00019f14    00000038              : ll_enc.o (.text)
                  00019f4c    00000038              : ll_scheduler.o (.text)
                  00019f84    00000038              : sm_rsppairing.o (.text)
                  00019fbc    00000038     drivers_cc26x2.a : PINCC26XX.oem4f (.text:PIN_setConfig)
                  00019ff4    00000038     rf_multiMode_cc26x2.aem4f : RFCC26X2_multiMode.c.cc26x2.ccs.o (.text:RF_checkCmdFsError)
                  0001a02c    00000038     StackWrapper.a : osal_timers.o (.text)
                  0001a064    00000038     drivers_cc26x2.a : PowerCC26X2.oem4f (.text:notify)
                  0001a09c    00000038                      : UARTCC26XX.oem4f (.text:readData)
                  0001a0d4    00000038     rom_sysbios.aem4f : rom_sysbios.obj (.text:ti_sysbios_family_arm_cc26xx_Timer_getCurrentTick__E)
                  0001a10c    00000038     drivers_cc26x2.a : UARTCC26XX.oem4f (.text:writeData)
                  0001a144    00000036     StackWrapper.a : ble_dispatch_lite.o (.text)
                  0001a17a    00000036     drivers_cc26x2.a : UDMACC26XX.oem4f (.text:UDMACC26XX_close)
                  0001a1b0    00000034     gattservapp_util.obj (.text:GATTServApp_InitCharCfg)
                  0001a1e4    00000034     icall.obj (.text:ICall_heapFree)
                  0001a218    00000034     icall.obj (.text:ICall_primEntityId2ServiceId$21)
                  0001a24c    00000034     icall.obj (.text:ICall_searchServiceEntity)
                  0001a280    00000034     driverlib.lib : aes.obj (.text:NOROM_AESStartDMAOperation)
                  0001a2b4    00000034                   : sys_ctrl.obj (.text:NOROM_SysCtrlIdle)
                  0001a2e8    00000034     nvocmp.obj (.text:NVOCMP_verifyCRC$5)
                  0001a31c    00000034     drivers_cc26x2.a : NVSSPI25X.oem4f (.text:NVSSPI25X_init)
                  0001a350    00000034     OneLib.a : hci.o (.text)
                  0001a384    00000034              : hci_tl.o (.text)
                  0001a3b8    00000034              : ll_ae.o (.text)
                  0001a3ec    00000034              : ll_scheduler.o (.text)
                  0001a420    00000034              : ll_scheduler.o (.text)
                  0001a454    00000034     rf_multiMode_cc26x2.aem4f : RFCC26X2_multiMode.c.cc26x2.ccs.o (.text:RF_powerConstraintRelease)
                  0001a488    00000034                               : RFCC26X2_multiMode.c.cc26x2.ccs.o (.text:RF_runDirectImmediateCmd)
                  0001a4bc    00000034     StackWrapper.a : gapbondmgr.o (.text)
                  0001a4f0    00000034                    : icall_startup.o (.text)
                  0001a524    00000034     drivers_cc26x2.a : NVSSPI25X.oem4f (.text:extFlashPowerStandby)
                  0001a558    00000034                      : NVSSPI25X.oem4f (.text:extFlashWriteEnable)
                  0001a58c    00000034                      : UARTCC26XX.oem4f (.text:readData2RingBuf)
                  0001a5c0    00000034     rom_sysbios.aem4f : rom_sysbios.obj (.text:ti_sysbios_knl_Swi_setPri__E)
                  0001a5f4    00000032                       : rom_sysbios.obj (.text:ti_sysbios_family_arm_cc26xx_Timer_setNextTick__E)
                  0001a626    00000032                       : rom_sysbios.obj (.text:ti_sysbios_gates_GateMutexPri_insertPri__I)
                  0001a658    00000030     drivers_cc26x2.a : AESECBCC26XX.oem4f (.text:AESECB_cleanup)
                  0001a688    00000030                      : GPIOCC26XX.oem4f (.text:GPIO_hwiIntFxn)
                  0001a6b8    00000030                      : GPIOCC26XX.oem4f (.text:GPIO_setCallback)
                  0001a6e8    00000030     icall.obj (.text:ICall_dispatch$21)
                  0001a718    00000030     icall.obj (.text:ICall_msecs2Ticks$21)
                  0001a748    00000030     nvocmp.obj (.text:NVOCMP_changePageState$5)
                  0001a778    00000030     drivers_cc26x2.a : NVSCC26XX.oem4f (.text:NVSCC26XX_erase)
                  0001a7a8    00000030                      : NVSSPI25X.oem4f (.text:NVSSPI25X_erase)
                  0001a7d8    00000030     OneLib.a : gattservapp.o (.text)
                  0001a808    00000030              : ll_scheduler.o (.text)
                  0001a838    00000030     drivers_cc26x2.a : PINCC26XX.oem4f (.text:PINCC26XX_setMux)
                  0001a868    00000030                      : PowerCC26X2.oem4f (.text:Power_releaseConstraint)
[...]
20000fc2  linkDB_secureConnectionOnlyMode                                 
20000fc3  maxPduSize                                                      
20000fc4  rfFeModeBias                                                    
20000fc5  defaultPhy                                                      
20000fc6  maxNumTxDataBufs                                                
20000fc7  LL_TaskID                                                       
20000fc8  llState                                                         
20000fc9  rssiCorrection                                                  
20000fca  curTxPowerVal                                                   
20000fcb  maxTxPwrForDTM                                                  
20000fcc  onePktPerEvt                                                    
20000fcd  numComplPkts                                                    
20000fce  numComplPktsLimit                                               
20000fcf  numComplPktsFlush                                               
20000fd0  fastTxRespTime                                                  
20000fd1  slOverride                                                      
20000fd2  rxFifoFlowCtrl                                                  
20000fd3  numTxDataBufs                                                   
20000fd4  maxNumConns                                                     
20000fd5  aeCurHandle                                                     
20000fd6  aeCurAdvEnableHandle                                            
20000fd7  aeCurConnHandle                                                 
20000fd8  extScanIndex                                                    
20000fd9  extInitIndex                                                    
20000fda  scanState                                                       
20000fdb  lastPrimPhy                                                     
20000fdc  lastScanRsp                                                     
20000fdd  smTaskID                                                        
20000fde  SM_appExpectingKey                                              
20001b20  ramStartHere                                                    
20001b20  uartLog_tail                                                    
20001b21  uartLog_head                                                    
20001b22  uartLog_evBufIsEmpty                                            
20001b24  uartLog_evtNum                                                  
20001b2c  uartLog_outBuf                                                  
20001bd8  uartLog_evBuf                                                   
20002668  ledPinTable                                                     
20002674  buttonPinTable                                                  
200027bc  pzTask                                                          
200029f2  metaPage                                                        
20002bb4  PowerCC26X2_module                                              
20002d24  ROM_stateStruct                                                 
20002d24  ti_sysbios_knl_Clock_Module__state__V                           
20002d50  ti_sysbios_family_arm_cc26xx_TimestampProvider_Module__state__V 
20002d54  xdc_runtime_Startup_Module__state__V                            
20002d5c  xdc_runtime_Registry_Module__state__V                           
20002d64  ti_sysbios_BIOS_Module__state__V                                
20002d88  ti_sysbios_knl_Swi_Module__state__V                             
20002da4  ti_sysbios_knl_Task_Module__state__V                            
20002de8  xdc_runtime_Memory_Module__state__V                             
20002dec  xdc_runtime_System_Module__state__V                             
20002df4  ti_sysbios_family_arm_m3_Hwi_Module__state__V                   
20002e28  ti_sysbios_family_arm_cc26xx_Timer_Module__state__V             
20002f28  gapAttrTbl                                                      
20003088  ICall_enterCriticalSection                                      
2000308c  ICall_leaveCriticalSection                                      
20003090  ICall_dispatcher                                                
200030a4  heapmgrMemFreeTotal                                             
200030b0  HEAPMGR_SIZE                                                    
200031a4  pairMode                                                        
200031a5  mitm                                                            
200031a6  ioCap                                                           
200031a7  bonding                                                         
200031a8  secureConnection                                                
200031a9  authenPairingOnly                                               
200031aa  autoSyncWL                                                      
200031ab  eccReGenPolicy                                                  
200031ac  KeySize                                                         
200031ad  removeLRUBond                                                   
200031ae  KeyDistList                                                     
200031af  eccDebugKeys                                                    
200031b0  allowDebugKeys                                                  
200031b1  eraseBondWhileInConn                                            
200031b4  pRandomAddress                                                  
200031b8  advData1                                                        
200031c9  scanResData1                                                    
200031db  attDeviceName                                                   
200031f0  advParams1                                                      
2000320c  llUserConfig                                                    
20003272  gAction                                                         
20003273  NVOCMP_size                                                     
200032a0  NVOCMP_nvHandle                                                 
2000332c  pOverrides_bleCommon                                            
20003380  txPowerTable_2400_pa5                                           
200033d0  ti_sysbios_knl_Task_Object__table__V                            
2000341c  patchedSlaveCtrlPktList                                         
20003420  ti_sysbios_family_arm_cc26xx_Timer_Object__table__V             
20003468  gattAttrTbl                                                     
200034a8  sm_eccKeys_sc_host_debug                                        
200034e8  eccParams_NISTP256                                              
20003528  nvintfFncStruct                                                 
20003564  ti_sysbios_gates_GateMutex_Object__table__V                     
2000359c  ti_sysbios_knl_Swi_Module_State_0_readyQ__A                     
200035cc  ti_sysbios_knl_Swi_Object__table__V                             
200035fc  ti_sysbios_knl_Task_Module_State_0_readyQ__A                    
2000362c  _hposcCoeffs                                                    
20003670  ti_sysbios_knl_Clock_Object__table__V                           
20003690  xdc_runtime_Error_IgnoreBlock                                   
200036c8  ti_sysbios_family_arm_m3_Hwi_Object__table__V                   
200036f4  gpioCallbackFunctions                                           
20003708  gpioPinConfigs                                                  
2000371c  gattAttrTbl_gatt_no_service_changed                             
2000372c  rfMode                                                          
2000373c  sizeInfo                                                        
2000374c  bleAppServiceInfoTable                                          
2000375c  pfnBMAlloc                                                      
20003760  pfnBMFree                                                       
20003764  pRfErrCb                                                        
20003768  lastAppOpcodeIdxSent                                            
2000376c  pOverrides_ble2Mbps                                             
2000377c  pOverrides_bleCoded                                             
2000378c  user0Cfg                                                        
2000379c  pOverrides_ble1Mbps                                             
200037a8  ti_sysbios_heaps_HeapCallback_Object__table__V                  
200037bd  deviceNameCharProps                                             
200037be  llUserConfig_maxPduSize                                         
200037c8  bleUserCfg_maxPduSize                                           
200037cc  appAssertCback                                                  
200037d0  _lock                                                           
200037d4  _unlock                                                         
200037d8  periConnParameters                                              
200037e0  RFCC26XX_schedulerPolicy                                        
200037e8  pinUpperBound                                                   
200037ec  pinLowerBound                                                   
200037f8  ti_sysbios_family_arm_m3_Hwi_Module__root__V                    
20003800  ti_sysbios_gates_GateHwi_Module__root__V                        
20003808  ti_sysbios_gates_GateMutexPri_Module__root__V                   
20003810  ti_sysbios_gates_GateMutex_Module__root__V                      
20003818  ti_sysbios_hal_Hwi_Module__root__V                              
20003820  ti_sysbios_heaps_HeapCallback_Module__root__V                   
20003828  ti_sysbios_heaps_HeapMem_Module__root__V                        
20003830  ti_sysbios_knl_Clock_Module__root__V                            
20003838  ti_sysbios_knl_Event_Module__root__V                            
20003840  ti_sysbios_knl_Mailbox_Module__root__V                          
20003848  ti_sysbios_knl_Queue_Module__root__V                            
20003850  ti_sysbios_knl_Semaphore_Module__root__V                        
20003858  ti_sysbios_knl_Swi_Module__root__V                              
20003860  ti_sysbios_knl_Task_Module__root__V                             
2000386d  appearanceCharProps                                             
2000386e  baseTaskID                                                      
20003870  halAssertCback                                                  
20003874  icallServiceTblPtr                                              
2000387c  main_func_sp                                                    
20003880  ti_sysbios_family_arm_m3_Hwi_Module_State_0_excContext__A       
20003884  ti_sysbios_family_arm_m3_Hwi_Module_State_0_excStack__A         
20003888  ti_sysbios_knl_Task_Module_State_0_idleTask__A                  
20003890  CryptoResourceCC26XX_pollingFlag                                
20003892  PKAResourceCC26XX_pollingFlag                                   
2000389a  ti_sysbios_family_arm_m3_Hwi_Module_State_0_excActive__A        
2000389c  periConnParamCharProps                                          
2000389d  centAddrResCharProps                                            
2000389e  centAddrRes                                                     
2000389f  resolvablePrivateAddressOnlyCharProps                           
200038a0  GATTServApp_gatt_no_service_changed                             
200038a2  qosDefaultPriorityConnParameter                                 
200038a3  extScanChanMap                                                  
200038a4  sizeOfAllExtConnParam                                           
200038a5  rfRatHandle                                                     
200038a6  smAllowDebugKeysMode                                            
200038a7  gapEndAppTaskID                                                 
200038a8  gapAppTaskID                                                    
200038a9  legacyMode                                                      
200038b8  appTaskStack                                                    
200040b8  ti_sysbios_knl_Task_Instance_State_0_stack__A                   
200043b8  uartCC26XXObjects                                               
20004574  spiCC26X2DMAObjects                                             
20004684  crcBuf                                                          
20004784  ti_sysbios_family_arm_m3_Hwi_dispatchTable                      
2000485c  trngCC26XXObjects                                               
200048e0  pinHandleTable                                                  
2000495c  cbTimers                                                        
200049d4  aesctrdrbgXXObjects                                             
20004a7c  CryptoResourceCC26XX_accessSemaphore                            
20004acc  CryptoResourceCC26XX_operationSemaphore                         
20004b1c  PKAResourceCC26XX_accessSemaphore                               
20004b6c  PKAResourceCC26XX_operationSemaphore                            
20004bfc  nvFptrs                                                         
20004c74  llCteSamples                                                    
20004c98  req                                                             
20004cb8  gapBond_remoteOobData                                           
20004cd8  gapBond_localOobData                                            
20004d58  ecdhCC26X2Objects                                               
20004d78  udmaCC26XXObject                                                
20004dec  CryptoResourceCC26XX_hwi                                        
20004e08  PKAResourceCC26XX_hwi                                           
20004e24  deviceName                                                      
20004e3c  llCoex                                                          
20004e54  aesccmCC26XXObjects                                             
20004e6c  aesctrCC26XXObjects                                             
20004e84  aesecbCC26XXObjects                                             
20004ed4  llCteTest                                                       
20004ee0  cteAntennaProp                                                  
20004eec  llTaskList                                                      
20004f1c  nvsSPI25XObjects                                                
20004f28  secondaryAdvChannelMap                                          
20004f38  ggs_AppCBs                                                      
20004f40  llCte                                                           
20004f44  llConnExtParam                                                  
20004f48  extStackSettings                                                
20004f4c  trngHandle                                                      
20004f50  LSTORecoveryArr                                                 
20004f54  pNextAdvSet                                                     
20004f58  llRfCmdPreemption                                               
20004f5c  llCurrentMappedChan                                             
20004f60  drbgHandle                                                      
20004f64  pRpaCfg                                                         
20004f68  gapBond_lruBondList                                             
20004f6c  gapBondStateNodeHead                                            
20004f70  osal_syncHandle                                                 
20004f74  osal_tickperiod                                                 
20004f78  osal_max_msecs                                                  
20004f7c  osal_icallMsg_hook                                              
20004f80  osal_qHead                                                      
20004f84  osal_eventloop_hook                                             
20004f90  OSAL_timeSeconds                                                
20004f94  timerHead                                                       
20004f9c  osal_last_timestamp                                             
20004fac  PowerCC26XX_swiKey                                              
20004fb0  PowerCC26XX_taskKey                                             
20004fb4  nvsCC26XXObjects                                                
20004fb8  tasksEvents                                                     
20004fbc  appearance                                                      
20004fbe  maximumPduSize                                                  
20004fc2  pwrmgr_attribute                                                
20004fc4  resolvablePrivateAddressOnly                                    
20004fc5  GATTServApp_att_delayed_req                                     
20004fc6  hciTaskID                                                       
20004fc7  hciL2capTaskID                                                  
20004fc8  hciGapTaskID                                                    
20004fc9  hciSmpTaskID                                                    
20004fca  hciTestTaskID                                                   
20004fcb  hciVsEvtMask                                                    
20004fcc  qosDefaultPriorityAdvParameter                                  
20004fcd  secondaryAdvChannelMapPopCount                                  
20004fce  scanReqRpt                                                      
20004fcf  maxNumCteDataBufs                                               
20004fd0  numActiveAdvSets                                                
20004fd1  wlSize                                                          
20004fd2  rlSize                                                          
20004fd3  decryptResult                                                   
20004fd4  llUnhandleNextIntFlag                                           
20004fd5  smAuthenPairingOnlyMode                                         
20004fd6  icall_liteTaskId                                                
20004fd7  gapBond_removeLRUBond                                           
20004fd8  gapBond_syncRL                                                  
20004fd9  assertSubcause                                                  
20004fda  osal_entity                                                     
20004fdb  pwrmgr_initialized                                              
20004fdd  driverlib_release_0_60278                                       
20004fde  heapStart                                                       
20013c00  __stack                                                         
20013c00  heapEnd                                                         
20014000  __STACK_END                                                     
20014000  __STACK_TOP                                                     
20014000  __UNUSED_SRAM_end__                                             
e000e000  ti_sysbios_family_arm_m3_Hwi_nvic                               
ffffffff  __TI_pprof_out_hndl                                             
ffffffff  __TI_prof_data_size                                             
ffffffff  __TI_prof_data_start                                            
ffffffff  __binit__                                                       
ffffffff  __c_args__                                                      
ffffffff  binit                                                           
UNDEFED   ITM_flush                                                       
UNDEFED   ITM_restore                                                     
UNDEFED   SHT$$INIT_ARRAY$$Base                                           
UNDEFED   SHT$$INIT_ARRAY$$Limit                                          

[3058 symbols]
